2026-01-22T08:14:51.5467592Z ##[debug]Starting: Build and Deploy Job
2026-01-22T08:14:51.5490980Z ##[debug]Cleaning runner temp folder: /home/runner/work/_temp
2026-01-22T08:14:51.5600274Z ##[debug]Starting: Set up job
2026-01-22T08:14:51.5601957Z Current runner version: '2.331.0'
2026-01-22T08:14:51.5624709Z ##[group]Runner Image Provisioner
2026-01-22T08:14:51.5625572Z Hosted Compute Agent
2026-01-22T08:14:51.5626135Z Version: 20251211.462
2026-01-22T08:14:51.5626717Z Commit: 6cbad8c2bb55d58165063d031ccabf57e2d2db61
2026-01-22T08:14:51.5627510Z Build Date: 2025-12-11T16:28:49Z
2026-01-22T08:14:51.5628143Z Worker ID: {06162df0-5426-4afa-a2a8-9d0ab7e67c6e}
2026-01-22T08:14:51.5628774Z ##[endgroup]
2026-01-22T08:14:51.5629310Z ##[group]Operating System
2026-01-22T08:14:51.5629848Z Ubuntu
2026-01-22T08:14:51.5630261Z 24.04.3
2026-01-22T08:14:51.5631097Z LTS
2026-01-22T08:14:51.5631566Z ##[endgroup]
2026-01-22T08:14:51.5632020Z ##[group]Runner Image
2026-01-22T08:14:51.5632626Z Image: ubuntu-24.04
2026-01-22T08:14:51.5633135Z Version: 20260111.209.1
2026-01-22T08:14:51.5634524Z Included Software: https://github.com/actions/runner-images/blob/ubuntu24/20260111.209/images/ubuntu/Ubuntu2404-Readme.md
2026-01-22T08:14:51.5636397Z Image Release: https://github.com/actions/runner-images/releases/tag/ubuntu24%2F20260111.209
2026-01-22T08:14:51.5637293Z ##[endgroup]
2026-01-22T08:14:51.5638450Z ##[group]GITHUB_TOKEN Permissions
2026-01-22T08:14:51.5640383Z Contents: read
2026-01-22T08:14:51.5641597Z Metadata: read
2026-01-22T08:14:51.5642122Z ##[endgroup]
2026-01-22T08:14:51.5644370Z Secret source: Actions
2026-01-22T08:14:51.5645154Z ##[debug]Primary repository: nmp6ky/CaliperFaceNew
2026-01-22T08:14:51.5645926Z Prepare workflow directory
2026-01-22T08:14:51.5731897Z ##[debug]Creating pipeline directory: '/home/runner/work/CaliperFaceNew'
2026-01-22T08:14:51.5735417Z ##[debug]Creating workspace directory: '/home/runner/work/CaliperFaceNew/CaliperFaceNew'
2026-01-22T08:14:51.5737068Z ##[debug]Update context data
2026-01-22T08:14:51.5740374Z ##[debug]Evaluating job-level environment variables
2026-01-22T08:14:51.5969469Z ##[debug]Evaluating job container
2026-01-22T08:14:51.5972975Z ##[debug]Evaluating job service containers
2026-01-22T08:14:51.5975952Z ##[debug]Evaluating job defaults
2026-01-22T08:14:51.6002116Z Prepare all required actions
2026-01-22T08:14:51.6043600Z Getting action download info
2026-01-22T08:14:52.1419653Z Download action repository 'actions/checkout@v3' (SHA:f43a0e5ff2bd294095638e18286ca9a3d1956744)
2026-01-22T08:14:52.1450106Z ##[debug]Copied action archive '/opt/actionarchivecache/actions_checkout/f43a0e5ff2bd294095638e18286ca9a3d1956744.tar.gz' to '/home/runner/work/_actions/_temp_1651dbe2-f6c2-4f31-9ca2-ede1a95e4538/3293a3a4-2813-4432-b492-45456932bd83.tar.gz'
2026-01-22T08:14:52.2110912Z ##[debug]Unwrap 'actions-checkout-f43a0e5' to '/home/runner/work/_actions/actions/checkout/v3'
2026-01-22T08:14:52.2243534Z ##[debug]Archive '/home/runner/work/_actions/_temp_1651dbe2-f6c2-4f31-9ca2-ede1a95e4538/3293a3a4-2813-4432-b492-45456932bd83.tar.gz' has been unzipped into '/home/runner/work/_actions/actions/checkout/v3'.
2026-01-22T08:14:52.2351009Z Download action repository 'actions/github-script@v6' (SHA:d7906e4ad0b1822421a7e6a35d5ca353c962f410)
2026-01-22T08:14:52.7313823Z ##[debug]Download 'https://api.github.com/repos/actions/github-script/tarball/d7906e4ad0b1822421a7e6a35d5ca353c962f410' to '/home/runner/work/_actions/_temp_f25889b4-6d58-43d0-8752-7310dd449395/4db7a82e-5dbd-4807-b3f4-e62b60441a1f.tar.gz'
2026-01-22T08:14:52.7478404Z ##[debug]Unwrap 'actions-github-script-d7906e4' to '/home/runner/work/_actions/actions/github-script/v6'
2026-01-22T08:14:52.7578479Z ##[debug]Archive '/home/runner/work/_actions/_temp_f25889b4-6d58-43d0-8752-7310dd449395/4db7a82e-5dbd-4807-b3f4-e62b60441a1f.tar.gz' has been unzipped into '/home/runner/work/_actions/actions/github-script/v6'.
2026-01-22T08:14:52.7614557Z Download action repository 'Azure/static-web-apps-deploy@v1' (SHA:4d27395796ac319302594769cfe812bd207490b1)
2026-01-22T08:14:53.1625797Z ##[debug]Download 'https://api.github.com/repos/Azure/static-web-apps-deploy/tarball/4d27395796ac319302594769cfe812bd207490b1' to '/home/runner/work/_actions/_temp_759bd1da-043e-4ebf-8b01-571a488c6538/173b581a-defb-4c40-9211-e83233abf487.tar.gz'
2026-01-22T08:14:53.1716056Z ##[debug]Unwrap 'Azure-static-web-apps-deploy-4d27395' to '/home/runner/work/_actions/Azure/static-web-apps-deploy/v1'
2026-01-22T08:14:53.1732959Z ##[debug]Archive '/home/runner/work/_actions/_temp_759bd1da-043e-4ebf-8b01-571a488c6538/173b581a-defb-4c40-9211-e83233abf487.tar.gz' has been unzipped into '/home/runner/work/_actions/Azure/static-web-apps-deploy/v1'.
2026-01-22T08:14:53.1760330Z ##[debug]action.yml for action: '/home/runner/work/_actions/actions/checkout/v3/action.yml'.
2026-01-22T08:14:53.2738013Z ##[debug]action.yml for action: '/home/runner/work/_actions/actions/github-script/v6/action.yml'.
2026-01-22T08:14:53.2834636Z ##[debug]action.yml for action: '/home/runner/work/_actions/Azure/static-web-apps-deploy/v1/action.yml'.
2026-01-22T08:14:53.2925596Z ##[debug]Dockerfile for action: '/home/runner/work/_actions/Azure/static-web-apps-deploy/v1/Dockerfile'.
2026-01-22T08:14:53.3077914Z ##[debug]Set step '__actions_checkout' display name to: 'Run actions/checkout@v3'
2026-01-22T08:14:53.3084135Z ##[debug]Set step '__run' display name to: 'Install OIDC Client from Core Package'
2026-01-22T08:14:53.3088021Z ##[debug]Set step 'idtoken' display name to: 'Get Id Token'
2026-01-22T08:14:53.3091741Z ##[debug]Set step 'builddeploy' display name to: 'Build And Deploy'
2026-01-22T08:14:53.3093312Z Complete job name: Build and Deploy Job
2026-01-22T08:14:53.3141948Z ##[debug]Collect running processes for tracking orphan processes.
2026-01-22T08:14:53.3364583Z ##[debug]Finishing: Set up job
2026-01-22T08:14:53.3501040Z ##[debug]Evaluating condition for step: 'Build Azure/static-web-apps-deploy@v1'
2026-01-22T08:14:53.3541810Z ##[debug]Evaluating: success()
2026-01-22T08:14:53.3547713Z ##[debug]Evaluating success:
2026-01-22T08:14:53.3565156Z ##[debug]=> true
2026-01-22T08:14:53.3572832Z ##[debug]Result: true
2026-01-22T08:14:53.3598366Z ##[debug]Starting: Build Azure/static-web-apps-deploy@v1
2026-01-22T08:14:53.3623252Z ##[group]Build container for action use: '/home/runner/work/_actions/Azure/static-web-apps-deploy/v1/Dockerfile'.
2026-01-22T08:14:53.3680240Z ##[command]/usr/bin/docker build -t 9fd71c:0e32dc40f21741568e7399e26d349bc3 -f "/home/runner/work/_actions/Azure/static-web-apps-deploy/v1/Dockerfile" "/home/runner/work/_actions/Azure/static-web-apps-deploy/v1"
2026-01-22T08:14:56.0934639Z #0 building with "default" instance using docker driver
2026-01-22T08:14:56.0935783Z 
2026-01-22T08:14:56.0936052Z #1 [internal] load build definition from Dockerfile
2026-01-22T08:14:56.0936737Z #1 transferring dockerfile: 160B done
2026-01-22T08:14:56.0937297Z #1 DONE 0.0s
2026-01-22T08:14:56.0937615Z 
2026-01-22T08:14:56.0937961Z #2 [internal] load metadata for mcr.microsoft.com/appsvc/staticappsclient:stable
2026-01-22T08:14:56.0938644Z #2 DONE 0.1s
2026-01-22T08:14:56.2184449Z 
2026-01-22T08:14:56.2188377Z #3 [internal] load .dockerignore
2026-01-22T08:14:56.2190725Z #3 transferring context: 2B done
2026-01-22T08:14:56.2198400Z #3 DONE 0.0s
2026-01-22T08:14:56.2198699Z 
2026-01-22T08:14:56.2200791Z #4 [internal] load build context
2026-01-22T08:14:56.2201374Z #4 transferring context: 107B done
2026-01-22T08:14:56.2203575Z #4 DONE 0.0s
2026-01-22T08:14:56.2203814Z 
2026-01-22T08:14:56.2207572Z #5 [1/2] FROM mcr.microsoft.com/appsvc/staticappsclient:stable@sha256:3178a283e885dc45a0c7b4c6e9f728f0331ae7fb93de75db4181fa38651170f2
2026-01-22T08:14:56.2209140Z #5 resolve mcr.microsoft.com/appsvc/staticappsclient:stable@sha256:3178a283e885dc45a0c7b4c6e9f728f0331ae7fb93de75db4181fa38651170f2 done
2026-01-22T08:14:56.2210704Z #5 sha256:3178a283e885dc45a0c7b4c6e9f728f0331ae7fb93de75db4181fa38651170f2 2.88kB / 2.88kB done
2026-01-22T08:14:56.2211778Z #5 sha256:1df8e0748f30e89b0c0477edfc706fc39242e1d6008433c0494113de267e7ca8 15.34kB / 15.34kB done
2026-01-22T08:14:56.3714996Z #5 sha256:2377065f3b700cf1b5e391d26c572c8b91892dd44acd75deebdab5e403b23175 15.56MB / 15.56MB 0.1s done
2026-01-22T08:14:56.3721452Z #5 sha256:5ee26b7a209f9a26720207792b237af3e19c0efeed8695e1e630fcd0feef9230 37.75MB / 54.75MB 0.2s
2026-01-22T08:14:56.3723651Z #5 sha256:5d6e107a26c2ffb6e234f04132358dea70a691a64c1152f984d2f2ba0e218c58 45.82MB / 53.74MB 0.2s
2026-01-22T08:14:56.3726422Z #5 sha256:41c7cd6fb37363fd1ec16dad3463ecc5820eda12c418a82b4849604252d29b88 28.31MB / 197.07MB 0.2s
2026-01-22T08:14:56.3727625Z #5 extracting sha256:5d6e107a26c2ffb6e234f04132358dea70a691a64c1152f984d2f2ba0e218c58
2026-01-22T08:14:56.4965449Z #5 sha256:5ee26b7a209f9a26720207792b237af3e19c0efeed8695e1e630fcd0feef9230 54.75MB / 54.75MB 0.3s done
2026-01-22T08:14:56.4966973Z #5 sha256:5d6e107a26c2ffb6e234f04132358dea70a691a64c1152f984d2f2ba0e218c58 53.74MB / 53.74MB 0.2s done
2026-01-22T08:14:56.4968624Z #5 sha256:41c7cd6fb37363fd1ec16dad3463ecc5820eda12c418a82b4849604252d29b88 61.97MB / 197.07MB 0.3s
2026-01-22T08:14:56.4970105Z #5 sha256:c279a6399750ee20e802fb2c47da034ccee5eb4f3b89087f32618f10e8af074a 0B / 1.56MB 0.3s
2026-01-22T08:14:56.4971470Z #5 sha256:aede74d79976f9d1be608a1286cdb2ca61aad25185440263691db6a0880adadd 0B / 24.46MB 0.3s
2026-01-22T08:14:56.4972756Z #5 sha256:4f4fb700ef54461cfa02571ae0db9a0dc1e0cdb5577484a6d75e68dc38e8acc1 32B / 32B 0.3s done
2026-01-22T08:14:56.6158309Z #5 sha256:41c7cd6fb37363fd1ec16dad3463ecc5820eda12c418a82b4849604252d29b88 134.47MB / 197.07MB 0.5s
2026-01-22T08:14:56.6163370Z #5 sha256:c279a6399750ee20e802fb2c47da034ccee5eb4f3b89087f32618f10e8af074a 1.56MB / 1.56MB 0.3s done
2026-01-22T08:14:56.6166274Z #5 sha256:ec0af1da0a0576de654092a28624c0565c6d854216944f18159460338af43293 40.89MB / 72.99MB 0.5s
2026-01-22T08:14:56.7162931Z #5 sha256:41c7cd6fb37363fd1ec16dad3463ecc5820eda12c418a82b4849604252d29b88 164.67MB / 197.07MB 0.6s
2026-01-22T08:14:56.7166111Z #5 sha256:aede74d79976f9d1be608a1286cdb2ca61aad25185440263691db6a0880adadd 24.42MB / 24.46MB 0.6s
2026-01-22T08:14:56.7173616Z #5 sha256:ec0af1da0a0576de654092a28624c0565c6d854216944f18159460338af43293 70.25MB / 72.99MB 0.6s
2026-01-22T08:14:56.8175705Z #5 sha256:41c7cd6fb37363fd1ec16dad3463ecc5820eda12c418a82b4849604252d29b88 197.07MB / 197.07MB 0.7s
2026-01-22T08:14:56.8177622Z #5 sha256:aede74d79976f9d1be608a1286cdb2ca61aad25185440263691db6a0880adadd 24.46MB / 24.46MB 0.6s done
2026-01-22T08:14:56.8195753Z #5 sha256:ec0af1da0a0576de654092a28624c0565c6d854216944f18159460338af43293 72.99MB / 72.99MB 0.6s done
2026-01-22T08:14:56.8196953Z #5 sha256:351447e6e3829fac25a761f87d07dc5bfc289f38908901d05fa53aaab54dbdcd 115.52kB / 115.52kB 0.7s done
2026-01-22T08:14:56.8198126Z #5 sha256:cddc70a1cccef26d55fcf9242759c41404c305acea0b4c3a30961c99846a0a55 637.94kB / 637.94kB 0.7s done
2026-01-22T08:14:56.8199409Z #5 sha256:36312d7930e0666f8cfc7940823ac101235e873b7cbb8b20d9481fd404095767 2.10MB / 35.20MB 0.7s
2026-01-22T08:14:57.0157099Z #5 sha256:4a1fde1690fe113870084a3224c66554fc9cbd2310abb9593b0244ec21f4b76d 168B / 168B 0.7s
2026-01-22T08:14:57.0158439Z #5 sha256:eec8099d3f58ba87e25216a07db18b5a0de40b6921ee61ea8ab9b4c29b53a12f 1.16MB / 1.16MB 0.7s done
2026-01-22T08:14:57.0159537Z #5 sha256:36312d7930e0666f8cfc7940823ac101235e873b7cbb8b20d9481fd404095767 28.31MB / 35.20MB 0.9s
2026-01-22T08:14:57.0160947Z #5 sha256:4a1fde1690fe113870084a3224c66554fc9cbd2310abb9593b0244ec21f4b76d 168B / 168B 0.7s done
2026-01-22T08:14:57.2183058Z #5 sha256:36312d7930e0666f8cfc7940823ac101235e873b7cbb8b20d9481fd404095767 35.20MB / 35.20MB 1.1s
2026-01-22T08:14:57.2185252Z #5 sha256:8023cb51985fccd3faa4be6340cdc75b72240277850569aa974767dda5176159 0B / 168B 1.1s
2026-01-22T08:14:57.3256312Z #5 sha256:41c7cd6fb37363fd1ec16dad3463ecc5820eda12c418a82b4849604252d29b88 197.07MB / 197.07MB 1.1s done
2026-01-22T08:14:57.3257666Z #5 sha256:36312d7930e0666f8cfc7940823ac101235e873b7cbb8b20d9481fd404095767 35.20MB / 35.20MB 1.2s done
2026-01-22T08:14:57.3258814Z #5 sha256:8023cb51985fccd3faa4be6340cdc75b72240277850569aa974767dda5176159 168B / 168B 1.1s done
2026-01-22T08:14:57.3259983Z #5 sha256:4836a863d60df9ca0cedad0eb5e729c4a7f755449fbfbd6d4ea6443e64c990e0 9.44MB / 118.65MB 1.2s
2026-01-22T08:14:57.5151478Z #5 sha256:4836a863d60df9ca0cedad0eb5e729c4a7f755449fbfbd6d4ea6443e64c990e0 82.84MB / 118.65MB 1.4s
2026-01-22T08:14:57.6496354Z #5 sha256:4836a863d60df9ca0cedad0eb5e729c4a7f755449fbfbd6d4ea6443e64c990e0 115.34MB / 118.65MB 1.5s
2026-01-22T08:14:57.7701066Z #5 sha256:4836a863d60df9ca0cedad0eb5e729c4a7f755449fbfbd6d4ea6443e64c990e0 118.65MB / 118.65MB 1.5s done
2026-01-22T08:14:58.8096226Z #5 extracting sha256:5d6e107a26c2ffb6e234f04132358dea70a691a64c1152f984d2f2ba0e218c58 2.4s done
2026-01-22T08:14:58.9392513Z #5 extracting sha256:2377065f3b700cf1b5e391d26c572c8b91892dd44acd75deebdab5e403b23175 0.1s
2026-01-22T08:14:59.3878089Z #5 extracting sha256:2377065f3b700cf1b5e391d26c572c8b91892dd44acd75deebdab5e403b23175 0.4s done
2026-01-22T08:15:00.4554588Z #5 extracting sha256:5ee26b7a209f9a26720207792b237af3e19c0efeed8695e1e630fcd0feef9230
2026-01-22T08:15:02.6099475Z #5 extracting sha256:5ee26b7a209f9a26720207792b237af3e19c0efeed8695e1e630fcd0feef9230 2.0s done
2026-01-22T08:15:02.6951570Z #5 extracting sha256:41c7cd6fb37363fd1ec16dad3463ecc5820eda12c418a82b4849604252d29b88
2026-01-22T08:15:07.6552288Z #5 extracting sha256:41c7cd6fb37363fd1ec16dad3463ecc5820eda12c418a82b4849604252d29b88 5.0s done
2026-01-22T08:15:08.7992265Z #5 extracting sha256:4f4fb700ef54461cfa02571ae0db9a0dc1e0cdb5577484a6d75e68dc38e8acc1
2026-01-22T08:15:08.9483066Z #5 extracting sha256:4f4fb700ef54461cfa02571ae0db9a0dc1e0cdb5577484a6d75e68dc38e8acc1 done
2026-01-22T08:15:08.9484417Z #5 extracting sha256:aede74d79976f9d1be608a1286cdb2ca61aad25185440263691db6a0880adadd 0.1s
2026-01-22T08:15:09.7134815Z #5 extracting sha256:aede74d79976f9d1be608a1286cdb2ca61aad25185440263691db6a0880adadd 0.7s done
2026-01-22T08:15:09.7138438Z #5 extracting sha256:c279a6399750ee20e802fb2c47da034ccee5eb4f3b89087f32618f10e8af074a 0.1s
2026-01-22T08:15:09.8589746Z #5 extracting sha256:c279a6399750ee20e802fb2c47da034ccee5eb4f3b89087f32618f10e8af074a 0.1s done
2026-01-22T08:15:09.8591143Z #5 extracting sha256:ec0af1da0a0576de654092a28624c0565c6d854216944f18159460338af43293 0.1s
2026-01-22T08:15:10.8603080Z #5 extracting sha256:ec0af1da0a0576de654092a28624c0565c6d854216944f18159460338af43293 1.0s done
2026-01-22T08:15:10.9380628Z #5 extracting sha256:351447e6e3829fac25a761f87d07dc5bfc289f38908901d05fa53aaab54dbdcd
2026-01-22T08:15:11.0665871Z #5 extracting sha256:351447e6e3829fac25a761f87d07dc5bfc289f38908901d05fa53aaab54dbdcd done
2026-01-22T08:15:11.0667046Z #5 extracting sha256:eec8099d3f58ba87e25216a07db18b5a0de40b6921ee61ea8ab9b4c29b53a12f 0.1s done
2026-01-22T08:15:11.0668179Z #5 extracting sha256:cddc70a1cccef26d55fcf9242759c41404c305acea0b4c3a30961c99846a0a55 0.0s done
2026-01-22T08:15:11.1900762Z #5 extracting sha256:36312d7930e0666f8cfc7940823ac101235e873b7cbb8b20d9481fd404095767 0.1s
2026-01-22T08:15:11.5232977Z #5 extracting sha256:36312d7930e0666f8cfc7940823ac101235e873b7cbb8b20d9481fd404095767 0.4s done
2026-01-22T08:15:11.5234612Z #5 extracting sha256:4a1fde1690fe113870084a3224c66554fc9cbd2310abb9593b0244ec21f4b76d
2026-01-22T08:15:11.6681823Z #5 extracting sha256:4a1fde1690fe113870084a3224c66554fc9cbd2310abb9593b0244ec21f4b76d done
2026-01-22T08:15:11.6683099Z #5 extracting sha256:8023cb51985fccd3faa4be6340cdc75b72240277850569aa974767dda5176159 done
2026-01-22T08:15:11.6684222Z #5 extracting sha256:4836a863d60df9ca0cedad0eb5e729c4a7f755449fbfbd6d4ea6443e64c990e0 0.1s
2026-01-22T08:15:15.1286602Z #5 extracting sha256:4836a863d60df9ca0cedad0eb5e729c4a7f755449fbfbd6d4ea6443e64c990e0 3.4s done
2026-01-22T08:15:15.5665835Z #5 DONE 19.5s
2026-01-22T08:15:15.7324346Z 
2026-01-22T08:15:15.7324983Z #6 [2/2] COPY entrypoint.sh /entrypoint.sh
2026-01-22T08:15:15.7325624Z #6 DONE 0.0s
2026-01-22T08:15:15.7325819Z 
2026-01-22T08:15:15.7325951Z #7 exporting to image
2026-01-22T08:15:15.7326249Z #7 exporting layers
2026-01-22T08:15:16.8167261Z #7 exporting layers 1.2s done
2026-01-22T08:15:16.8380976Z #7 writing image sha256:a6ea3a3aa1dea2d86e97621e30007dfe0307866ad48a599e482b3af347d0a289 done
2026-01-22T08:15:16.8382305Z #7 naming to docker.io/library/9fd71c:0e32dc40f21741568e7399e26d349bc3 done
2026-01-22T08:15:16.8382911Z #7 DONE 1.2s
2026-01-22T08:15:16.8434844Z ##[endgroup]
2026-01-22T08:15:16.8445634Z ##[debug]Finishing: Build Azure/static-web-apps-deploy@v1
2026-01-22T08:15:16.8463153Z ##[debug]Evaluating condition for step: 'Run actions/checkout@v3'
2026-01-22T08:15:16.8469789Z ##[debug]Evaluating: success()
2026-01-22T08:15:16.8470167Z ##[debug]Evaluating success:
2026-01-22T08:15:16.8470973Z ##[debug]=> true
2026-01-22T08:15:16.8471444Z ##[debug]Result: true
2026-01-22T08:15:16.8472370Z ##[debug]Starting: Run actions/checkout@v3
2026-01-22T08:15:16.8536570Z ##[debug]Register post job cleanup for action: actions/checkout@v3
2026-01-22T08:15:16.8616754Z ##[debug]Loading inputs
2026-01-22T08:15:16.8643567Z ##[debug]Evaluating: github.repository
2026-01-22T08:15:16.8644541Z ##[debug]Evaluating Index:
2026-01-22T08:15:16.8646234Z ##[debug]..Evaluating github:
2026-01-22T08:15:16.8647146Z ##[debug]..=> Object
2026-01-22T08:15:16.8652671Z ##[debug]..Evaluating String:
2026-01-22T08:15:16.8653277Z ##[debug]..=> 'repository'
2026-01-22T08:15:16.8657524Z ##[debug]=> 'nmp6ky/CaliperFaceNew'
2026-01-22T08:15:16.8659213Z ##[debug]Result: 'nmp6ky/CaliperFaceNew'
2026-01-22T08:15:16.8663038Z ##[debug]Evaluating: github.token
2026-01-22T08:15:16.8663320Z ##[debug]Evaluating Index:
2026-01-22T08:15:16.8663555Z ##[debug]..Evaluating github:
2026-01-22T08:15:16.8663807Z ##[debug]..=> Object
2026-01-22T08:15:16.8664012Z ##[debug]..Evaluating String:
2026-01-22T08:15:16.8664232Z ##[debug]..=> 'token'
2026-01-22T08:15:16.8664953Z ##[debug]=> '***'
2026-01-22T08:15:16.8665272Z ##[debug]Result: '***'
2026-01-22T08:15:16.8675656Z ##[debug]Loading env
2026-01-22T08:15:16.8740106Z ##[group]Run actions/checkout@v3
2026-01-22T08:15:16.8740903Z with:
2026-01-22T08:15:16.8741102Z   submodules: true
2026-01-22T08:15:16.8741292Z   lfs: false
2026-01-22T08:15:16.8741495Z   repository: nmp6ky/CaliperFaceNew
2026-01-22T08:15:16.8742023Z   token: ***
2026-01-22T08:15:16.8742210Z   ssh-strict: true
2026-01-22T08:15:16.8742412Z   persist-credentials: true
2026-01-22T08:15:16.8742620Z   clean: true
2026-01-22T08:15:16.8742810Z   sparse-checkout-cone-mode: true
2026-01-22T08:15:16.8743081Z   fetch-depth: 1
2026-01-22T08:15:16.8743263Z   fetch-tags: false
2026-01-22T08:15:16.8743460Z   set-safe-directory: true
2026-01-22T08:15:16.8743905Z ##[endgroup]
2026-01-22T08:15:16.9552831Z ##[debug]GITHUB_WORKSPACE = '/home/runner/work/CaliperFaceNew/CaliperFaceNew'
2026-01-22T08:15:16.9554523Z ##[debug]qualified repository = 'nmp6ky/CaliperFaceNew'
2026-01-22T08:15:16.9555037Z ##[debug]ref = 'refs/heads/main'
2026-01-22T08:15:16.9555677Z ##[debug]commit = '7890a5a3962d06a77d55275b367c6304cd211d9b'
2026-01-22T08:15:16.9556401Z ##[debug]clean = true
2026-01-22T08:15:16.9556944Z ##[debug]fetch depth = 1
2026-01-22T08:15:16.9557529Z ##[debug]fetch tags = false
2026-01-22T08:15:16.9558088Z ##[debug]lfs = false
2026-01-22T08:15:16.9558637Z ##[debug]submodules = true
2026-01-22T08:15:16.9559216Z ##[debug]recursive submodules = false
2026-01-22T08:15:16.9571501Z ##[debug]GitHub Host URL = 
2026-01-22T08:15:16.9573679Z ::add-matcher::/home/runner/work/_actions/actions/checkout/v3/dist/problem-matcher.json
2026-01-22T08:15:16.9667772Z ##[debug]Added matchers: 'checkout-git'. Problem matchers scan action output for known warning or error strings and report these inline.
2026-01-22T08:15:16.9672294Z Syncing repository: nmp6ky/CaliperFaceNew
2026-01-22T08:15:16.9673711Z ::group::Getting Git version info
2026-01-22T08:15:16.9675017Z ##[group]Getting Git version info
2026-01-22T08:15:16.9675687Z Working directory is '/home/runner/work/CaliperFaceNew/CaliperFaceNew'
2026-01-22T08:15:16.9676646Z ##[debug]Getting git version
2026-01-22T08:15:16.9676927Z [command]/usr/bin/git version
2026-01-22T08:15:16.9677286Z git version 2.52.0
2026-01-22T08:15:16.9698535Z ##[debug]0
2026-01-22T08:15:16.9699360Z ##[debug]git version 2.52.0
2026-01-22T08:15:16.9700122Z ##[debug]
2026-01-22T08:15:16.9702303Z ##[debug]Set git useragent to: git/2.52.0 (github-actions-checkout)
2026-01-22T08:15:16.9703222Z ::endgroup::
2026-01-22T08:15:16.9703572Z ##[endgroup]
2026-01-22T08:15:16.9709364Z ::add-mask::***
2026-01-22T08:15:16.9719338Z Temporarily overriding HOME='/home/runner/work/_temp/82da1557-447f-4c00-a3ee-2eae739b8ff3' before making global git config changes
2026-01-22T08:15:16.9720844Z Adding repository directory to the temporary git global config as a safe directory
2026-01-22T08:15:16.9723916Z [command]/usr/bin/git config --global --add safe.directory /home/runner/work/CaliperFaceNew/CaliperFaceNew
2026-01-22T08:15:16.9760945Z ##[debug]0
2026-01-22T08:15:16.9761543Z ##[debug]
2026-01-22T08:15:16.9767446Z Deleting the contents of '/home/runner/work/CaliperFaceNew/CaliperFaceNew'
2026-01-22T08:15:16.9771749Z ::group::Initializing the repository
2026-01-22T08:15:16.9772177Z ##[group]Initializing the repository
2026-01-22T08:15:16.9775028Z [command]/usr/bin/git init /home/runner/work/CaliperFaceNew/CaliperFaceNew
2026-01-22T08:15:16.9875513Z hint: Using 'master' as the name for the initial branch. This default branch name
2026-01-22T08:15:16.9876574Z hint: will change to "main" in Git 3.0. To configure the initial branch name
2026-01-22T08:15:16.9877454Z hint: to use in all of your new repositories, which will suppress this warning,
2026-01-22T08:15:16.9878127Z hint: call:
2026-01-22T08:15:16.9878450Z hint:
2026-01-22T08:15:16.9878960Z hint: 	git config --global init.defaultBranch <name>
2026-01-22T08:15:16.9879528Z hint:
2026-01-22T08:15:16.9880013Z hint: Names commonly chosen instead of 'master' are 'main', 'trunk' and
2026-01-22T08:15:16.9880993Z hint: 'development'. The just-created branch can be renamed via this command:
2026-01-22T08:15:16.9881468Z hint:
2026-01-22T08:15:16.9881734Z hint: 	git branch -m <name>
2026-01-22T08:15:16.9882038Z hint:
2026-01-22T08:15:16.9882452Z hint: Disable this message with "git config set advice.defaultBranchName false"
2026-01-22T08:15:16.9883187Z Initialized empty Git repository in /home/runner/work/CaliperFaceNew/CaliperFaceNew/.git/
2026-01-22T08:15:16.9886434Z ##[debug]0
2026-01-22T08:15:16.9887352Z ##[debug]Initialized empty Git repository in /home/runner/work/CaliperFaceNew/CaliperFaceNew/.git/
2026-01-22T08:15:16.9888111Z ##[debug]
2026-01-22T08:15:16.9891153Z [command]/usr/bin/git remote add origin https://github.com/nmp6ky/CaliperFaceNew
2026-01-22T08:15:16.9925951Z ##[debug]0
2026-01-22T08:15:16.9926633Z ##[debug]
2026-01-22T08:15:16.9927370Z ::endgroup::
2026-01-22T08:15:16.9927657Z ##[endgroup]
2026-01-22T08:15:16.9928269Z ::group::Disabling automatic garbage collection
2026-01-22T08:15:16.9928761Z ##[group]Disabling automatic garbage collection
2026-01-22T08:15:16.9931348Z [command]/usr/bin/git config --local gc.auto 0
2026-01-22T08:15:16.9959881Z ##[debug]0
2026-01-22T08:15:16.9960717Z ##[debug]
2026-01-22T08:15:16.9961230Z ::endgroup::
2026-01-22T08:15:16.9961510Z ##[endgroup]
2026-01-22T08:15:16.9962042Z ::group::Setting up auth
2026-01-22T08:15:16.9962396Z ##[group]Setting up auth
2026-01-22T08:15:16.9967058Z [command]/usr/bin/git config --local --name-only --get-regexp core\.sshCommand
2026-01-22T08:15:16.9993007Z ##[debug]1
2026-01-22T08:15:16.9997094Z ##[debug]
2026-01-22T08:15:16.9998073Z [command]/usr/bin/git submodule foreach --recursive sh -c "git config --local --name-only --get-regexp 'core\.sshCommand' && git config --local --unset-all 'core.sshCommand' || :"
2026-01-22T08:15:17.0349917Z ##[debug]0
2026-01-22T08:15:17.0350811Z ##[debug]
2026-01-22T08:15:17.0355116Z [command]/usr/bin/git config --local --name-only --get-regexp http\.https\:\/\/github\.com\/\.extraheader
2026-01-22T08:15:17.0382616Z ##[debug]1
2026-01-22T08:15:17.0383165Z ##[debug]
2026-01-22T08:15:17.0387447Z [command]/usr/bin/git submodule foreach --recursive sh -c "git config --local --name-only --get-regexp 'http\.https\:\/\/github\.com\/\.extraheader' && git config --local --unset-all 'http.https://github.com/.extraheader' || :"
2026-01-22T08:15:17.0621208Z ##[debug]0
2026-01-22T08:15:17.0621643Z ##[debug]
2026-01-22T08:15:17.0630646Z [command]/usr/bin/git config --local http.https://github.com/.extraheader AUTHORIZATION: basic ***
2026-01-22T08:15:17.0659573Z ##[debug]0
2026-01-22T08:15:17.0669202Z ##[debug]
2026-01-22T08:15:17.0670111Z ::endgroup::
2026-01-22T08:15:17.0670695Z ##[endgroup]
2026-01-22T08:15:17.0671344Z ::group::Fetching the repository
2026-01-22T08:15:17.0671783Z ##[group]Fetching the repository
2026-01-22T08:15:17.0678905Z [command]/usr/bin/git -c protocol.version=2 fetch --no-tags --prune --progress --no-recurse-submodules --depth=1 origin +7890a5a3962d06a77d55275b367c6304cd211d9b:refs/remotes/origin/main
2026-01-22T08:15:17.4366492Z remote: Enumerating objects: 38, done.        
2026-01-22T08:15:17.4367508Z remote: Counting objects:   2% (1/38)        
2026-01-22T08:15:17.4368229Z remote: Counting objects:   5% (2/38)        
2026-01-22T08:15:17.4368891Z remote: Counting objects:   7% (3/38)        
2026-01-22T08:15:17.4369528Z remote: Counting objects:  10% (4/38)        
2026-01-22T08:15:17.4370119Z remote: Counting objects:  13% (5/38)        
2026-01-22T08:15:17.4370933Z remote: Counting objects:  15% (6/38)        
2026-01-22T08:15:17.4371529Z remote: Counting objects:  18% (7/38)        
2026-01-22T08:15:17.4372168Z remote: Counting objects:  21% (8/38)        
2026-01-22T08:15:17.4372807Z remote: Counting objects:  23% (9/38)        
2026-01-22T08:15:17.4373432Z remote: Counting objects:  26% (10/38)        
2026-01-22T08:15:17.4373853Z remote: Counting objects:  28% (11/38)        
2026-01-22T08:15:17.4374234Z remote: Counting objects:  31% (12/38)        
2026-01-22T08:15:17.4374612Z remote: Counting objects:  34% (13/38)        
2026-01-22T08:15:17.4374991Z remote: Counting objects:  36% (14/38)        
2026-01-22T08:15:17.4375363Z remote: Counting objects:  39% (15/38)        
2026-01-22T08:15:17.4375821Z remote: Counting objects:  42% (16/38)        
2026-01-22T08:15:17.4376311Z remote: Counting objects:  44% (17/38)        
2026-01-22T08:15:17.4376696Z remote: Counting objects:  47% (18/38)        
2026-01-22T08:15:17.4377078Z remote: Counting objects:  50% (19/38)        
2026-01-22T08:15:17.4377456Z remote: Counting objects:  52% (20/38)        
2026-01-22T08:15:17.4377836Z remote: Counting objects:  55% (21/38)        
2026-01-22T08:15:17.4378224Z remote: Counting objects:  57% (22/38)        
2026-01-22T08:15:17.4378596Z remote: Counting objects:  60% (23/38)        
2026-01-22T08:15:17.4378992Z remote: Counting objects:  63% (24/38)        
2026-01-22T08:15:17.4379372Z remote: Counting objects:  65% (25/38)        
2026-01-22T08:15:17.4379746Z remote: Counting objects:  68% (26/38)        
2026-01-22T08:15:17.4380128Z remote: Counting objects:  71% (27/38)        
2026-01-22T08:15:17.4380726Z remote: Counting objects:  73% (28/38)        
2026-01-22T08:15:17.4381166Z remote: Counting objects:  76% (29/38)        
2026-01-22T08:15:17.4381552Z remote: Counting objects:  78% (30/38)        
2026-01-22T08:15:17.4381937Z remote: Counting objects:  81% (31/38)        
2026-01-22T08:15:17.4382318Z remote: Counting objects:  84% (32/38)        
2026-01-22T08:15:17.4382701Z remote: Counting objects:  86% (33/38)        
2026-01-22T08:15:17.4383077Z remote: Counting objects:  89% (34/38)        
2026-01-22T08:15:17.4383469Z remote: Counting objects:  92% (35/38)        
2026-01-22T08:15:17.4383848Z remote: Counting objects:  94% (36/38)        
2026-01-22T08:15:17.4384223Z remote: Counting objects:  97% (37/38)        
2026-01-22T08:15:17.4384606Z remote: Counting objects: 100% (38/38)        
2026-01-22T08:15:17.4385018Z remote: Counting objects: 100% (38/38), done.        
2026-01-22T08:15:17.4385458Z remote: Compressing objects:   3% (1/32)        
2026-01-22T08:15:17.4385864Z remote: Compressing objects:   6% (2/32)        
2026-01-22T08:15:17.4386261Z remote: Compressing objects:   9% (3/32)        
2026-01-22T08:15:17.4452056Z remote: Compressing objects:  12% (4/32)        
2026-01-22T08:15:17.4452754Z remote: Compressing objects:  15% (5/32)        
2026-01-22T08:15:17.4453709Z remote: Compressing objects:  18% (6/32)        
2026-01-22T08:15:17.4454284Z remote: Compressing objects:  21% (7/32)        
2026-01-22T08:15:17.4454830Z remote: Compressing objects:  25% (8/32)        
2026-01-22T08:15:17.4455503Z remote: Compressing objects:  28% (9/32)        
2026-01-22T08:15:17.4455959Z remote: Compressing objects:  31% (10/32)        
2026-01-22T08:15:17.4456464Z remote: Compressing objects:  34% (11/32)        
2026-01-22T08:15:17.4456971Z remote: Compressing objects:  37% (12/32)        
2026-01-22T08:15:17.4457424Z remote: Compressing objects:  40% (13/32)        
2026-01-22T08:15:17.4457900Z remote: Compressing objects:  43% (14/32)        
2026-01-22T08:15:17.4458375Z remote: Compressing objects:  46% (15/32)        
2026-01-22T08:15:17.4458819Z remote: Compressing objects:  50% (16/32)        
2026-01-22T08:15:17.4459256Z remote: Compressing objects:  53% (17/32)        
2026-01-22T08:15:17.4459719Z remote: Compressing objects:  56% (18/32)        
2026-01-22T08:15:17.4460223Z remote: Compressing objects:  59% (19/32)        
2026-01-22T08:15:17.4460939Z remote: Compressing objects:  62% (20/32)        
2026-01-22T08:15:17.4461434Z remote: Compressing objects:  65% (21/32)        
2026-01-22T08:15:17.4461966Z remote: Compressing objects:  68% (22/32)        
2026-01-22T08:15:17.4462481Z remote: Compressing objects:  71% (23/32)        
2026-01-22T08:15:17.4462972Z remote: Compressing objects:  75% (24/32)        
2026-01-22T08:15:17.4463477Z remote: Compressing objects:  78% (25/32)        
2026-01-22T08:15:17.4463994Z remote: Compressing objects:  81% (26/32)        
2026-01-22T08:15:17.4464493Z remote: Compressing objects:  84% (27/32)        
2026-01-22T08:15:17.4465011Z remote: Compressing objects:  87% (28/32)        
2026-01-22T08:15:17.4465518Z remote: Compressing objects:  90% (29/32)        
2026-01-22T08:15:17.4466020Z remote: Compressing objects:  93% (30/32)        
2026-01-22T08:15:17.4466527Z remote: Compressing objects:  96% (31/32)        
2026-01-22T08:15:17.4467034Z remote: Compressing objects: 100% (32/32)        
2026-01-22T08:15:17.4467586Z remote: Compressing objects: 100% (32/32), done.        
2026-01-22T08:15:17.4915836Z remote: Total 38 (delta 0), reused 34 (delta 0), pack-reused 0 (from 0)        
2026-01-22T08:15:17.5006261Z From https://github.com/nmp6ky/CaliperFaceNew
2026-01-22T08:15:17.5006883Z  * [new ref]         7890a5a3962d06a77d55275b367c6304cd211d9b -> origin/main
2026-01-22T08:15:17.5039844Z ##[debug]0
2026-01-22T08:15:17.5040262Z ##[debug]
2026-01-22T08:15:17.5040896Z ::endgroup::
2026-01-22T08:15:17.5041089Z ##[endgroup]
2026-01-22T08:15:17.5041420Z ::group::Determining the checkout info
2026-01-22T08:15:17.5041706Z ##[group]Determining the checkout info
2026-01-22T08:15:17.5043137Z ::endgroup::
2026-01-22T08:15:17.5043313Z ##[endgroup]
2026-01-22T08:15:17.5043634Z ::group::Checking out the ref
2026-01-22T08:15:17.5043856Z ##[group]Checking out the ref
2026-01-22T08:15:17.5047551Z [command]/usr/bin/git checkout --progress --force -B main refs/remotes/origin/main
2026-01-22T08:15:17.5139170Z Switched to a new branch 'main'
2026-01-22T08:15:17.5142042Z branch 'main' set up to track 'origin/main'.
2026-01-22T08:15:17.5148254Z ##[debug]0
2026-01-22T08:15:17.5149096Z ##[debug]branch 'main' set up to track 'origin/main'.
2026-01-22T08:15:17.5149719Z ##[debug]
2026-01-22T08:15:17.5150302Z ::endgroup::
2026-01-22T08:15:17.5150835Z ##[endgroup]
2026-01-22T08:15:17.5151474Z ::group::Setting up auth for fetching submodules
2026-01-22T08:15:17.5152140Z ##[group]Setting up auth for fetching submodules
2026-01-22T08:15:17.5156250Z [command]/usr/bin/git config --global http.https://github.com/.extraheader AUTHORIZATION: basic ***
2026-01-22T08:15:17.5184955Z ##[debug]0
2026-01-22T08:15:17.5185358Z ##[debug]
2026-01-22T08:15:17.5195054Z [command]/usr/bin/git config --global --unset-all url.https://github.com/.insteadOf
2026-01-22T08:15:17.5221641Z ##[debug]5
2026-01-22T08:15:17.5222000Z ##[debug]
2026-01-22T08:15:17.5225059Z [command]/usr/bin/git config --global --add url.https://github.com/.insteadOf git@github.com:
2026-01-22T08:15:17.5249620Z ##[debug]0
2026-01-22T08:15:17.5250164Z ##[debug]
2026-01-22T08:15:17.5253245Z [command]/usr/bin/git config --global --add url.https://github.com/.insteadOf org-247843982@github.com:
2026-01-22T08:15:17.5277625Z ##[debug]0
2026-01-22T08:15:17.5278170Z ##[debug]
2026-01-22T08:15:17.5278589Z ::endgroup::
2026-01-22T08:15:17.5278796Z ##[endgroup]
2026-01-22T08:15:17.5279162Z ::group::Fetching submodules
2026-01-22T08:15:17.5279431Z ##[group]Fetching submodules
2026-01-22T08:15:17.5282810Z [command]/usr/bin/git submodule sync
2026-01-22T08:15:17.5512242Z ##[debug]0
2026-01-22T08:15:17.5512662Z ##[debug]
2026-01-22T08:15:17.5516592Z [command]/usr/bin/git -c protocol.version=2 submodule update --init --force --depth=1
2026-01-22T08:15:17.5747964Z ##[debug]0
2026-01-22T08:15:17.5748457Z ##[debug]
2026-01-22T08:15:17.5751096Z [command]/usr/bin/git submodule foreach git config --local gc.auto 0
2026-01-22T08:15:17.5980256Z ##[debug]0
2026-01-22T08:15:17.5981411Z ##[debug]
2026-01-22T08:15:17.5982052Z ::endgroup::
2026-01-22T08:15:17.5982404Z ##[endgroup]
2026-01-22T08:15:17.5983162Z ::group::Persisting credentials for submodules
2026-01-22T08:15:17.5984051Z ##[group]Persisting credentials for submodules
2026-01-22T08:15:17.5989153Z [command]/usr/bin/git submodule foreach --recursive sh -c "git config --local --name-only --get-regexp 'url\.https\:\/\/github\.com\/\.insteadOf' && git config --local --unset-all 'url.https://github.com/.insteadOf' || :"
2026-01-22T08:15:17.6217153Z ##[debug]0
2026-01-22T08:15:17.6218055Z ##[debug]
2026-01-22T08:15:17.6222567Z [command]/usr/bin/git submodule foreach sh -c "git config --local 'http.https://github.com/.extraheader' 'AUTHORIZATION: basic ***' && git config --local --show-origin --name-only --get-regexp remote.origin.url"
2026-01-22T08:15:17.6460369Z ##[debug]0
2026-01-22T08:15:17.6461154Z ##[debug]
2026-01-22T08:15:17.6467304Z [command]/usr/bin/git submodule foreach git config --local --add 'url.https://github.com/.insteadOf' 'git@github.com:'
2026-01-22T08:15:17.6726686Z ##[debug]0
2026-01-22T08:15:17.6727282Z ##[debug]
2026-01-22T08:15:17.6731811Z [command]/usr/bin/git submodule foreach git config --local --add 'url.https://github.com/.insteadOf' 'org-247843982@github.com:'
2026-01-22T08:15:17.6988841Z ##[debug]0
2026-01-22T08:15:17.6989257Z ##[debug]
2026-01-22T08:15:17.6989580Z ::endgroup::
2026-01-22T08:15:17.6989783Z ##[endgroup]
2026-01-22T08:15:17.7027031Z ##[debug]0
2026-01-22T08:15:17.7027607Z ##[debug]commit 7890a5a3962d06a77d55275b367c6304cd211d9b
2026-01-22T08:15:17.7027959Z ##[debug]Author: nmp6ky <nmp6ky@umsystem.edu>
2026-01-22T08:15:17.7028290Z ##[debug]Date:   Thu Jan 22 02:09:32 2026 -0600
2026-01-22T08:15:17.7028550Z ##[debug]
2026-01-22T08:15:17.7028768Z ##[debug]    ci: add Azure Static Web Apps workflow file
2026-01-22T08:15:17.7029116Z ##[debug]    on-behalf-of: @Azure opensource@microsoft.com
2026-01-22T08:15:17.7029418Z ##[debug]
2026-01-22T08:15:17.7031026Z [command]/usr/bin/git log -1 --format='%H'
2026-01-22T08:15:17.7055970Z '7890a5a3962d06a77d55275b367c6304cd211d9b'
2026-01-22T08:15:17.7072046Z ##[debug]0
2026-01-22T08:15:17.7073005Z ##[debug]'7890a5a3962d06a77d55275b367c6304cd211d9b'
2026-01-22T08:15:17.7073464Z ##[debug]
2026-01-22T08:15:17.7073924Z ##[debug]Unsetting HOME override
2026-01-22T08:15:17.7076266Z ::remove-matcher owner=checkout-git::
2026-01-22T08:15:17.7087066Z ##[debug]Removed matchers: 'checkout-git'
2026-01-22T08:15:17.7147745Z ##[debug]Node Action run completed with exit code 0
2026-01-22T08:15:17.7185530Z ##[debug]Save intra-action state isPost = true
2026-01-22T08:15:17.7185969Z ##[debug]Save intra-action state setSafeDirectory = true
2026-01-22T08:15:17.7186482Z ##[debug]Save intra-action state repositoryPath = /home/runner/work/CaliperFaceNew/CaliperFaceNew
2026-01-22T08:15:17.7191116Z ##[debug]Finishing: Run actions/checkout@v3
2026-01-22T08:15:17.7200343Z ##[debug]Evaluating condition for step: 'Install OIDC Client from Core Package'
2026-01-22T08:15:17.7203412Z ##[debug]Evaluating: success()
2026-01-22T08:15:17.7203765Z ##[debug]Evaluating success:
2026-01-22T08:15:17.7204256Z ##[debug]=> true
2026-01-22T08:15:17.7204584Z ##[debug]Result: true
2026-01-22T08:15:17.7205191Z ##[debug]Starting: Install OIDC Client from Core Package
2026-01-22T08:15:17.7215437Z ##[debug]Loading inputs
2026-01-22T08:15:17.7216549Z ##[debug]Loading env
2026-01-22T08:15:17.7231605Z ##[group]Run npm install @actions/core@1.6.0 @actions/http-client
2026-01-22T08:15:17.7232106Z [36;1mnpm install @actions/core@1.6.0 @actions/http-client[0m
2026-01-22T08:15:17.7269146Z shell: /usr/bin/bash -e {0}
2026-01-22T08:15:17.7269395Z ##[endgroup]
2026-01-22T08:15:17.7324763Z ##[debug]/usr/bin/bash -e /home/runner/work/_temp/d375fadc-6f4f-480f-a4e1-be6a937f9b36.sh
2026-01-22T08:15:28.6400373Z 
2026-01-22T08:15:28.6401280Z added 257 packages, and audited 258 packages in 10s
2026-01-22T08:15:28.6402323Z 
2026-01-22T08:15:28.6402797Z 34 packages are looking for funding
2026-01-22T08:15:28.6403248Z   run `npm fund` for details
2026-01-22T08:15:28.6451156Z 
2026-01-22T08:15:28.6452108Z 3 vulnerabilities (2 low, 1 moderate)
2026-01-22T08:15:28.6452741Z 
2026-01-22T08:15:28.6454165Z To address issues that do not require attention, run:
2026-01-22T08:15:28.6455573Z   npm audit fix
2026-01-22T08:15:28.6455783Z 
2026-01-22T08:15:28.6455935Z To address all issues, run:
2026-01-22T08:15:28.6456345Z   npm audit fix --force
2026-01-22T08:15:28.6456584Z 
2026-01-22T08:15:28.6456740Z Run `npm audit` for details.
2026-01-22T08:15:28.6782005Z ##[debug]Finishing: Install OIDC Client from Core Package
2026-01-22T08:15:28.6791859Z ##[debug]Evaluating condition for step: 'Get Id Token'
2026-01-22T08:15:28.6794294Z ##[debug]Evaluating: success()
2026-01-22T08:15:28.6794821Z ##[debug]Evaluating success:
2026-01-22T08:15:28.6795396Z ##[debug]=> true
2026-01-22T08:15:28.6795915Z ##[debug]Result: true
2026-01-22T08:15:28.6796747Z ##[debug]Starting: Get Id Token
2026-01-22T08:15:28.6831228Z ##[debug]Loading inputs
2026-01-22T08:15:28.6833199Z ##[debug]Evaluating: github.token
2026-01-22T08:15:28.6833530Z ##[debug]Evaluating Index:
2026-01-22T08:15:28.6833761Z ##[debug]..Evaluating github:
2026-01-22T08:15:28.6834030Z ##[debug]..=> Object
2026-01-22T08:15:28.6834260Z ##[debug]..Evaluating String:
2026-01-22T08:15:28.6834491Z ##[debug]..=> 'token'
2026-01-22T08:15:28.6835048Z ##[debug]=> '***'
2026-01-22T08:15:28.6835368Z ##[debug]Result: '***'
2026-01-22T08:15:28.6839698Z ##[debug]Evaluating: (runner.debug == '1')
2026-01-22T08:15:28.6840094Z ##[debug]Evaluating Equal:
2026-01-22T08:15:28.6841723Z ##[debug]..Evaluating Index:
2026-01-22T08:15:28.6842006Z ##[debug]....Evaluating runner:
2026-01-22T08:15:28.6842288Z ##[debug]....=> Object
2026-01-22T08:15:28.6842521Z ##[debug]....Evaluating String:
2026-01-22T08:15:28.6842768Z ##[debug]....=> 'debug'
2026-01-22T08:15:28.6843087Z ##[debug]..=> '1'
2026-01-22T08:15:28.6843319Z ##[debug]..Evaluating String:
2026-01-22T08:15:28.6843542Z ##[debug]..=> '1'
2026-01-22T08:15:28.6846680Z ##[debug]=> true
2026-01-22T08:15:28.6848314Z ##[debug]Expanded: ('1' == '1')
2026-01-22T08:15:28.6848553Z ##[debug]Result: true
2026-01-22T08:15:28.6853131Z ##[debug]Loading env
2026-01-22T08:15:28.6857593Z ##[group]Run actions/github-script@v6
2026-01-22T08:15:28.6857841Z with:
2026-01-22T08:15:28.6858154Z   script: const coredemo = require('@actions/core')
return await coredemo.getIDToken()

2026-01-22T08:15:28.6858548Z   result-encoding: string
2026-01-22T08:15:28.6858956Z   github-token: ***
2026-01-22T08:15:28.6859143Z   debug: true
2026-01-22T08:15:28.6859352Z   user-agent: actions/github-script
2026-01-22T08:15:28.6859593Z   retries: 0
2026-01-22T08:15:28.6859805Z   retry-exempt-status-codes: 400,401,403,404,422
2026-01-22T08:15:28.6860083Z ##[endgroup]
2026-01-22T08:15:28.7665957Z ##[debug]ID token url is https://run-actions-1-azure-eastus.actions.githubusercontent.com/41//idtoken/a624a5dc-a72a-4e86-90f5-b6d2faaaf005/1b735f0a-c713-5500-b031-46e3fd933663?api-version=2.0
2026-01-22T08:15:29.0465835Z ::add-mask::***
2026-01-22T08:15:29.0535068Z ##[debug]Node Action run completed with exit code 0
2026-01-22T08:15:29.0611467Z ##[debug]Set output result = ***
2026-01-22T08:15:29.0612581Z ##[debug]Finishing: Get Id Token
2026-01-22T08:15:29.0624532Z ##[debug]Evaluating condition for step: 'Build And Deploy'
2026-01-22T08:15:29.0626775Z ##[debug]Evaluating: success()
2026-01-22T08:15:29.0627301Z ##[debug]Evaluating success:
2026-01-22T08:15:29.0627872Z ##[debug]=> true
2026-01-22T08:15:29.0628367Z ##[debug]Result: true
2026-01-22T08:15:29.0629099Z ##[debug]Starting: Build And Deploy
2026-01-22T08:15:29.0668307Z ##[debug]Loading inputs
2026-01-22T08:15:29.0673152Z ##[debug]Evaluating: secrets.AZURE_STATIC_WEB_APPS_API_TOKEN_ASHY_ROCK_0A6B21D10
2026-01-22T08:15:29.0673606Z ##[debug]Evaluating Index:
2026-01-22T08:15:29.0673856Z ##[debug]..Evaluating secrets:
2026-01-22T08:15:29.0674145Z ##[debug]..=> Object
2026-01-22T08:15:29.0674370Z ##[debug]..Evaluating String:
2026-01-22T08:15:29.0674734Z ##[debug]..=> 'AZURE_STATIC_WEB_APPS_API_TOKEN_ASHY_ROCK_0A6B21D10'
2026-01-22T08:15:29.0675788Z ##[debug]=> '***'
2026-01-22T08:15:29.0676378Z ##[debug]Result: '***'
2026-01-22T08:15:29.0677264Z ##[debug]Evaluating: steps.idtoken.outputs.result
2026-01-22T08:15:29.0677588Z ##[debug]Evaluating Index:
2026-01-22T08:15:29.0677824Z ##[debug]..Evaluating Index:
2026-01-22T08:15:29.0678052Z ##[debug]....Evaluating Index:
2026-01-22T08:15:29.0678279Z ##[debug]......Evaluating steps:
2026-01-22T08:15:29.0678528Z ##[debug]......=> Object
2026-01-22T08:15:29.0678748Z ##[debug]......Evaluating String:
2026-01-22T08:15:29.0678999Z ##[debug]......=> 'idtoken'
2026-01-22T08:15:29.0679242Z ##[debug]....=> Object
2026-01-22T08:15:29.0679442Z ##[debug]....Evaluating String:
2026-01-22T08:15:29.0679688Z ##[debug]....=> 'outputs'
2026-01-22T08:15:29.0679910Z ##[debug]..=> Object
2026-01-22T08:15:29.0680114Z ##[debug]..Evaluating String:
2026-01-22T08:15:29.0680327Z ##[debug]..=> 'result'
2026-01-22T08:15:29.0707848Z ##[debug]=> '***'
2026-01-22T08:15:29.0758162Z ##[debug]Result: '***'
2026-01-22T08:15:29.0765886Z ##[debug]Loading env
2026-01-22T08:15:29.0774616Z ##[group]Run Azure/static-web-apps-deploy@v1
2026-01-22T08:15:29.0774891Z with:
2026-01-22T08:15:29.0775698Z   azure_static_web_apps_api_token: ***
2026-01-22T08:15:29.0775954Z   action: upload
2026-01-22T08:15:29.0776140Z   app_location: /
2026-01-22T08:15:29.0776331Z   output_location: build
2026-01-22T08:15:29.0804041Z   github_id_token: ***
2026-01-22T08:15:29.0804271Z ##[endgroup]
2026-01-22T08:15:29.0964965Z ##[command]/usr/bin/docker run --name fd71c0e32dc40f21741568e7399e26d349bc3_216e59 --label 9fd71c --workdir /github/workspace --rm -e "INPUT_AZURE_STATIC_WEB_APPS_API_TOKEN" -e "INPUT_ACTION" -e "INPUT_APP_LOCATION" -e "INPUT_API_LOCATION" -e "INPUT_OUTPUT_LOCATION" -e "INPUT_GITHUB_ID_TOKEN" -e "INPUT_API_BUILD_COMMAND" -e "INPUT_APP_ARTIFACT_LOCATION" -e "INPUT_APP_BUILD_COMMAND" -e "INPUT_REPO_TOKEN" -e "INPUT_ROUTES_LOCATION" -e "INPUT_SKIP_APP_BUILD" -e "INPUT_CONFIG_FILE_LOCATION" -e "INPUT_SKIP_API_BUILD" -e "INPUT_PRODUCTION_BRANCH" -e "INPUT_DEPLOYMENT_ENVIRONMENT" -e "INPUT_IS_STATIC_EXPORT" -e "INPUT_DATA_API_LOCATION" -e "HOME" -e "GITHUB_JOB" -e "GITHUB_REF" -e "GITHUB_SHA" -e "GITHUB_REPOSITORY" -e "GITHUB_REPOSITORY_OWNER" -e "GITHUB_REPOSITORY_OWNER_ID" -e "GITHUB_RUN_ID" -e "GITHUB_RUN_NUMBER" -e "GITHUB_RETENTION_DAYS" -e "GITHUB_RUN_ATTEMPT" -e "GITHUB_ACTOR_ID" -e "GITHUB_ACTOR" -e "GITHUB_WORKFLOW" -e "GITHUB_HEAD_REF" -e "GITHUB_BASE_REF" -e "GITHUB_EVENT_NAME" -e "GITHUB_SERVER_URL" -e "GITHUB_API_URL" -e "GITHUB_GRAPHQL_URL" -e "GITHUB_REF_NAME" -e "GITHUB_REF_PROTECTED" -e "GITHUB_REF_TYPE" -e "GITHUB_WORKFLOW_REF" -e "GITHUB_WORKFLOW_SHA" -e "GITHUB_REPOSITORY_ID" -e "GITHUB_TRIGGERING_ACTOR" -e "GITHUB_WORKSPACE" -e "GITHUB_ACTION" -e "GITHUB_EVENT_PATH" -e "GITHUB_ACTION_REPOSITORY" -e "GITHUB_ACTION_REF" -e "GITHUB_PATH" -e "GITHUB_ENV" -e "GITHUB_STEP_SUMMARY" -e "GITHUB_STATE" -e "GITHUB_OUTPUT" -e "RUNNER_DEBUG" -e "RUNNER_OS" -e "RUNNER_ARCH" -e "RUNNER_NAME" -e "RUNNER_ENVIRONMENT" -e "RUNNER_TOOL_CACHE" -e "RUNNER_TEMP" -e "RUNNER_WORKSPACE" -e "ACTIONS_RUNTIME_URL" -e "ACTIONS_RUNTIME_TOKEN" -e "ACTIONS_CACHE_URL" -e "ACTIONS_ID_TOKEN_REQUEST_URL" -e "ACTIONS_ID_TOKEN_REQUEST_TOKEN" -e "ACTIONS_RESULTS_URL" -e GITHUB_ACTIONS=true -e CI=true -v "/var/run/docker.sock":"/var/run/docker.sock" -v "/home/runner/work/_temp":"/github/runner_temp" -v "/home/runner/work/_temp/_github_home":"/github/home" -v "/home/runner/work/_temp/_github_workflow":"/github/workflow" -v "/home/runner/work/_temp/_runner_file_commands":"/github/file_commands" -v "/home/runner/work/CaliperFaceNew/CaliperFaceNew":"/github/workspace" 9fd71c:0e32dc40f21741568e7399e26d349bc3
2026-01-22T08:15:29.9000923Z DeploymentId: d42562d2-2b6e-48f7-bff2-240184c1086b
2026-01-22T08:15:29.9001554Z 
2026-01-22T08:15:30.0271393Z [37mTry to validate location at: '/github/workspace'.[0m
2026-01-22T08:15:30.0280237Z [37mApp Directory Location: '/' was found.[0m
2026-01-22T08:15:30.0281394Z [37mTry to validate location at: '/github/workspace/swa-db-connections'.[0m
2026-01-22T08:15:30.0284406Z [37mLooking for event info[0m
2026-01-22T08:15:30.9081685Z [37mStarting to build app with Oryx[0m
2026-01-22T08:15:30.9084206Z [33mAzure Static Web Apps utilizes Oryx to build both static applications and Azure Functions. You can find more details on Oryx here: https://github.com/microsoft/Oryx[0m
2026-01-22T08:15:30.9086176Z [37m---Oryx build logs---[0m
2026-01-22T08:15:30.9086549Z [37m[0m
2026-01-22T08:15:30.9086821Z [37m[0m
2026-01-22T08:15:31.2625963Z [37mOperation performed by Microsoft Oryx, https://github.com/Microsoft/Oryx[0m
2026-01-22T08:15:31.2627601Z [37mYou can report issues at https://github.com/Microsoft/Oryx/issues[0m
2026-01-22T08:15:31.2628233Z [37m[0m
2026-01-22T08:15:31.2629267Z [37mOryx Version: 0.2.20250107.1+ef3fb2f9c490a4fbb1f76b5746cd4ba2ff0409f4, Commit: ef3fb2f9c490a4fbb1f76b5746cd4ba2ff0409f4, ReleaseTagName: 20250107.1[0m
2026-01-22T08:15:31.2630282Z [37m[0m
2026-01-22T08:15:31.2630915Z [37mBuild Operation ID: 7bdbedf576864e73[0m
2026-01-22T08:15:31.2631347Z [37mOS Type           : bullseye[0m
2026-01-22T08:15:31.2631742Z [37mImage Type        : githubactions[0m
2026-01-22T08:15:31.2632120Z [37m[0m
2026-01-22T08:15:31.2782458Z [37mDetecting platforms...[0m
2026-01-22T08:15:32.9306964Z [37mDetected following platforms:[0m
2026-01-22T08:15:32.9307625Z [37m  nodejs: 18.20.8[0m
2026-01-22T08:15:32.9308062Z [37m  php: 8.0.30[0m
2026-01-22T08:15:32.9343153Z [37mVersion '18.20.8' of platform 'nodejs' is not installed. Generating script to install it...[0m
2026-01-22T08:15:32.9357155Z [37mVersion '8.0.30' of platform 'php' is not installed. Generating script to install it...[0m
2026-01-22T08:15:32.9793804Z [37mDetected the following frameworks: React[0m
2026-01-22T08:15:33.0641826Z [37m[0m
2026-01-22T08:15:33.0708160Z [37m[0m
2026-01-22T08:15:33.0713481Z [37mSource directory     : /github/workspace[0m
2026-01-22T08:15:33.0714558Z [37mDestination directory: /bin/staticsites/d42562d2-2b6e-48f7-bff2-240184c1086b-swa-oryx/app[0m
2026-01-22T08:15:33.0715346Z [37m[0m
2026-01-22T08:15:33.0726166Z [37m[0m
2026-01-22T08:15:33.0727399Z [37mDownloading and extracting 'nodejs' version '18.20.8' to '/tmp/oryx/platforms/nodejs/18.20.8'...[0m
2026-01-22T08:15:33.0762302Z [37mDetected image debian flavor: bullseye.[0m
2026-01-22T08:15:33.2422082Z [37mDownloaded in 0 sec(s).[0m
2026-01-22T08:15:33.2423231Z [37mVerifying checksum...[0m
2026-01-22T08:15:33.2492891Z [37mExtracting contents...[0m
2026-01-22T08:15:34.3742653Z [37mperforming sha512 checksum for: nodejs...[0m
2026-01-22T08:15:34.5066917Z [37mDone in 1 sec(s).[0m
2026-01-22T08:15:34.5068118Z [37m[0m
2026-01-22T08:15:34.5104026Z [37m[0m
2026-01-22T08:15:34.5104957Z [37mDownloading and extracting 'php' version '8.0.30' to '/tmp/oryx/platforms/php/8.0.30'...[0m
2026-01-22T08:15:34.5133127Z [37mDetected image debian flavor: bullseye.[0m
2026-01-22T08:15:34.6543562Z [37mDownloaded in 0 sec(s).[0m
2026-01-22T08:15:34.6544957Z [37mVerifying checksum...[0m
2026-01-22T08:15:34.6604990Z [37mExtracting contents...[0m
2026-01-22T08:15:35.0155583Z [37mperforming sha512 checksum for: php...[0m
2026-01-22T08:15:35.0551468Z [37mDone in 1 sec(s).[0m
2026-01-22T08:15:35.0552041Z [37m[0m
2026-01-22T08:15:35.0583234Z [37m[0m
2026-01-22T08:15:35.0585796Z [37mDownloading and extracting 'php-composer' version '2.6.2' to '/tmp/oryx/platforms/php-composer/2.6.2'...[0m
2026-01-22T08:15:35.0615546Z [37mDetected image debian flavor: bullseye.[0m
2026-01-22T08:15:35.1029375Z [37mDownloaded in 0 sec(s).[0m
2026-01-22T08:15:35.1031460Z [37mVerifying checksum...[0m
2026-01-22T08:15:35.1098107Z [37mExtracting contents...[0m
2026-01-22T08:15:35.1281669Z [37mperforming sha512 checksum for: php-composer...[0m
2026-01-22T08:15:35.1328848Z [37mDone in 0 sec(s).[0m
2026-01-22T08:15:35.1330187Z [37m[0m
2026-01-22T08:15:35.2163069Z [37mRemoving existing manifest file[0m
2026-01-22T08:15:35.2174518Z [37mCreating directory for command manifest file if it does not exist[0m
2026-01-22T08:15:35.2214884Z [37mCreating a manifest file...[0m
2026-01-22T08:15:35.2216409Z [37mNode Build Command Manifest file created.[0m
2026-01-22T08:15:35.2217330Z [37m[0m
2026-01-22T08:15:35.2218076Z [37mUsing Node version:[0m
2026-01-22T08:15:35.2264484Z [37mv18.20.8[0m
2026-01-22T08:15:35.2278283Z [37m[0m
2026-01-22T08:15:35.2280272Z [37mUsing Npm version:[0m
2026-01-22T08:15:35.3431020Z [37m10.8.2[0m
2026-01-22T08:15:35.6671827Z [37m[0m
2026-01-22T08:15:35.6672397Z [37mRunning 'npm install'...[0m
2026-01-22T08:15:35.6673049Z [37m[0m
2026-01-22T08:15:36.3016142Z [31mnpm warn EBADENGINE Unsupported engine {[0m
2026-01-22T08:15:36.3016858Z [31mnpm warn EBADENGINE   package: '@vitejs/plugin-react@5.1.2',[0m
2026-01-22T08:15:36.3017579Z [31mnpm warn EBADENGINE   required: { node: '^20.19.0 || >=22.12.0' },[0m
2026-01-22T08:15:36.3018312Z [31mnpm warn EBADENGINE   current: { node: 'v18.20.8', npm: '10.8.2' }[0m
2026-01-22T08:15:36.3018854Z [31mnpm warn EBADENGINE }[0m
2026-01-22T08:15:36.3028475Z [31mnpm warn EBADENGINE Unsupported engine {[0m
2026-01-22T08:15:36.3029427Z [31mnpm warn EBADENGINE   package: 'react-router@7.12.0',[0m
2026-01-22T08:15:36.3033632Z [31mnpm warn EBADENGINE   required: { node: '>=20.0.0' },[0m
2026-01-22T08:15:36.3034851Z [31mnpm warn EBADENGINE   current: { node: 'v18.20.8', npm: '10.8.2' }[0m
2026-01-22T08:15:36.3035674Z [31mnpm warn EBADENGINE }[0m
2026-01-22T08:15:36.3036487Z [31mnpm warn EBADENGINE Unsupported engine {[0m
2026-01-22T08:15:36.3037429Z [31mnpm warn EBADENGINE   package: 'react-router-dom@7.12.0',[0m
2026-01-22T08:15:36.3038411Z [31mnpm warn EBADENGINE   required: { node: '>=20.0.0' },[0m
2026-01-22T08:15:36.3039366Z [31mnpm warn EBADENGINE   current: { node: 'v18.20.8', npm: '10.8.2' }[0m
2026-01-22T08:15:36.3040154Z [31mnpm warn EBADENGINE }[0m
2026-01-22T08:15:36.3047521Z [31mnpm warn EBADENGINE Unsupported engine {[0m
2026-01-22T08:15:36.3049422Z [31mnpm warn EBADENGINE   package: 'vite@7.3.1',[0m
2026-01-22T08:15:36.3055811Z [31mnpm warn EBADENGINE   required: { node: '^20.19.0 || >=22.12.0' },[0m
2026-01-22T08:15:36.3056969Z [31mnpm warn EBADENGINE   current: { node: 'v18.20.8', npm: '10.8.2' }[0m
2026-01-22T08:15:36.3057795Z [31mnpm warn EBADENGINE }[0m
2026-01-22T08:15:36.8614004Z [37m[0m
2026-01-22T08:15:36.8620050Z [37mup to date, audited 258 packages in 1s[0m
2026-01-22T08:15:36.8622534Z [37m[0m
2026-01-22T08:15:36.8623857Z [37m34 packages are looking for funding[0m
2026-01-22T08:15:36.8625333Z [37m  run `npm fund` for details[0m
2026-01-22T08:15:36.8671202Z [37m[0m
2026-01-22T08:15:36.8673350Z [37m3 vulnerabilities (2 low, 1 moderate)[0m
2026-01-22T08:15:36.8674835Z [37m[0m
2026-01-22T08:15:36.8675375Z [37mTo address issues that do not require attention, run:[0m
2026-01-22T08:15:36.8676037Z [37m  npm audit fix[0m
2026-01-22T08:15:36.8676888Z [37m[0m
2026-01-22T08:15:36.8677476Z [37mTo address all issues (including breaking changes), run:[0m
2026-01-22T08:15:36.8678180Z [37m  npm audit fix --force[0m
2026-01-22T08:15:36.8678633Z [37m[0m
2026-01-22T08:15:36.8679038Z [37mRun `npm audit` for details.[0m
2026-01-22T08:15:36.8773206Z [37m[0m
2026-01-22T08:15:36.8778230Z [37mRunning 'npm run build'...[0m
2026-01-22T08:15:36.8778775Z [37m[0m
2026-01-22T08:15:37.0122807Z [37m[0m
2026-01-22T08:15:37.0124246Z [37m> fluent-app@0.0.0 build[0m
2026-01-22T08:15:37.0125085Z [37m> vite build[0m
2026-01-22T08:15:37.0125727Z [37m[0m
2026-01-22T08:15:37.0597417Z [31m[33mYou are using Node.js 18.20.8. Vite requires Node.js version 20.19+ or 22.12+. Please upgrade your Node.js version.[39m[0m
2026-01-22T08:15:37.2318703Z [37m[36mvite v7.3.1 [32mbuilding client environment for production...[36m[39m[0m
2026-01-22T08:15:37.2949110Z [37mtransforming...[0m
2026-01-22T08:15:42.0533392Z [37m[32m✓[39m 2101 modules transformed.[0m
2026-01-22T08:15:42.3936123Z [37mrendering chunks...[0m
2026-01-22T08:15:42.4037457Z [37mcomputing gzip size...[0m
2026-01-22T08:15:42.4203303Z [37m[2mdist/[22m[32mindex.html                    [39m[1m[2m  0.38 kB[22m[1m[22m[2m │ gzip:   0.27 kB[22m[0m
2026-01-22T08:15:42.4204641Z [37m[2mdist/[22m[2massets/[22m[32mboe-logo-BTmk6Khj.png  [39m[1m[2m 64.83 kB[22m[1m[22m[0m
2026-01-22T08:15:42.4205977Z [37m[2mdist/[22m[2massets/[22m[36mindex-DZ9818kW.js      [39m[1m[2m480.84 kB[22m[1m[22m[2m │ gzip: 140.52 kB[22m[0m
2026-01-22T08:15:42.4213524Z [37m[32m✓ built in 5.16s[39m[0m
2026-01-22T08:15:42.4953851Z [37mPreparing output...[0m
2026-01-22T08:15:42.4954386Z [37m[0m
2026-01-22T08:15:42.4955366Z [37mCopying files to destination directory '/bin/staticsites/d42562d2-2b6e-48f7-bff2-240184c1086b-swa-oryx/app'...[0m
2026-01-22T08:15:48.2608039Z [37mDone in 6 sec(s).[0m
2026-01-22T08:15:48.2628762Z [37m[0m
2026-01-22T08:15:48.2629273Z [37mRemoving existing manifest file[0m
2026-01-22T08:15:48.2640885Z [37mCreating a manifest file...[0m
2026-01-22T08:15:48.2646005Z [37mManifest file created.[0m
2026-01-22T08:15:48.2646631Z [37mCopying .ostype to manifest output directory.[0m
2026-01-22T08:15:48.2674611Z [37m[0m
2026-01-22T08:15:48.2675140Z [37mDone in 15 sec(s).[0m
2026-01-22T08:15:48.5883976Z [37m[0m
2026-01-22T08:15:48.5884322Z [37m[0m
2026-01-22T08:15:48.5884550Z [37m---End of Oryx build logs---[0m
2026-01-22T08:15:48.5907196Z [37mTry to validate location at: '/bin/staticsites/d42562d2-2b6e-48f7-bff2-240184c1086b-swa-oryx/app/build'.[0m
2026-01-22T08:15:48.5913957Z [31mThe app build failed to produce artifact folder: 'build'. Please ensure this property is configured correctly in your workflow file.[0m
2026-01-22T08:15:48.6454128Z [37m[0m
2026-01-22T08:15:48.6455024Z [33mFor further information, please visit the Azure Static Web Apps documentation at https://docs.microsoft.com/en-us/azure/static-web-apps/[0m
2026-01-22T08:15:48.6456888Z [33mIf you believe this behavior is unexpected, please raise a GitHub issue at https://github.com/azure/static-web-apps/issues/[0m
2026-01-22T08:15:48.6458527Z [33mExiting[0m
2026-01-22T08:15:50.9036198Z ##[debug]Docker Action run completed with exit code 1
2026-01-22T08:15:50.9042145Z ##[debug]Finishing: Build And Deploy
2026-01-22T08:15:50.9052312Z ##[debug]Evaluating condition for step: 'Post Run actions/checkout@v3'
2026-01-22T08:15:50.9055149Z ##[debug]Evaluating: always()
2026-01-22T08:15:50.9055549Z ##[debug]Evaluating always:
2026-01-22T08:15:50.9056325Z ##[debug]=> true
2026-01-22T08:15:50.9056675Z ##[debug]Result: true
2026-01-22T08:15:50.9057248Z ##[debug]Starting: Post Run actions/checkout@v3
2026-01-22T08:15:50.9107993Z ##[debug]Loading inputs
2026-01-22T08:15:50.9109631Z ##[debug]Evaluating: github.repository
2026-01-22T08:15:50.9109980Z ##[debug]Evaluating Index:
2026-01-22T08:15:50.9110209Z ##[debug]..Evaluating github:
2026-01-22T08:15:50.9110771Z ##[debug]..=> Object
2026-01-22T08:15:50.9111235Z ##[debug]..Evaluating String:
2026-01-22T08:15:50.9111506Z ##[debug]..=> 'repository'
2026-01-22T08:15:50.9111803Z ##[debug]=> 'nmp6ky/CaliperFaceNew'
2026-01-22T08:15:50.9112084Z ##[debug]Result: 'nmp6ky/CaliperFaceNew'
2026-01-22T08:15:50.9114052Z ##[debug]Evaluating: github.token
2026-01-22T08:15:50.9114344Z ##[debug]Evaluating Index:
2026-01-22T08:15:50.9114568Z ##[debug]..Evaluating github:
2026-01-22T08:15:50.9114808Z ##[debug]..=> Object
2026-01-22T08:15:50.9115020Z ##[debug]..Evaluating String:
2026-01-22T08:15:50.9115243Z ##[debug]..=> 'token'
2026-01-22T08:15:50.9115925Z ##[debug]=> '***'
2026-01-22T08:15:50.9116267Z ##[debug]Result: '***'
2026-01-22T08:15:50.9123782Z ##[debug]Loading env
2026-01-22T08:15:50.9127669Z Post job cleanup.
2026-01-22T08:15:50.9861348Z ##[debug]Getting git version
2026-01-22T08:15:50.9873465Z [command]/usr/bin/git version
2026-01-22T08:15:50.9910871Z git version 2.52.0
2026-01-22T08:15:50.9934955Z ##[debug]0
2026-01-22T08:15:50.9935430Z ##[debug]git version 2.52.0
2026-01-22T08:15:50.9935751Z ##[debug]
2026-01-22T08:15:50.9937109Z ##[debug]Set git useragent to: git/2.52.0 (github-actions-checkout)
2026-01-22T08:15:50.9940244Z ::add-mask::***
2026-01-22T08:15:50.9956136Z Temporarily overriding HOME='/home/runner/work/_temp/f8157110-8235-4441-ae0b-8fc3ecc95591' before making global git config changes
2026-01-22T08:15:50.9957309Z Adding repository directory to the temporary git global config as a safe directory
2026-01-22T08:15:50.9961550Z [command]/usr/bin/git config --global --add safe.directory /home/runner/work/CaliperFaceNew/CaliperFaceNew
2026-01-22T08:15:50.9990280Z ##[debug]0
2026-01-22T08:15:50.9991121Z ##[debug]
2026-01-22T08:15:50.9997574Z [command]/usr/bin/git config --local --name-only --get-regexp core\.sshCommand
2026-01-22T08:15:51.0026982Z ##[debug]1
2026-01-22T08:15:51.0027478Z ##[debug]
2026-01-22T08:15:51.0031725Z [command]/usr/bin/git submodule foreach --recursive sh -c "git config --local --name-only --get-regexp 'core\.sshCommand' && git config --local --unset-all 'core.sshCommand' || :"
2026-01-22T08:15:51.0259411Z ##[debug]0
2026-01-22T08:15:51.0259777Z ##[debug]
2026-01-22T08:15:51.0266571Z [command]/usr/bin/git config --local --name-only --get-regexp http\.https\:\/\/github\.com\/\.extraheader
2026-01-22T08:15:51.0288475Z http.https://github.com/.extraheader
2026-01-22T08:15:51.0295609Z ##[debug]0
2026-01-22T08:15:51.0296220Z ##[debug]http.https://github.com/.extraheader
2026-01-22T08:15:51.0296543Z ##[debug]
2026-01-22T08:15:51.0300910Z [command]/usr/bin/git config --local --unset-all http.https://github.com/.extraheader
2026-01-22T08:15:51.0320771Z error: could not lock config file .git/config: Permission denied
2026-01-22T08:15:51.0325231Z ##[debug]255
2026-01-22T08:15:51.0325800Z ##[debug]
2026-01-22T08:15:51.0345058Z ##[warning]Failed to remove 'http.https://github.com/.extraheader' from the git config
2026-01-22T08:15:51.0354228Z [command]/usr/bin/git submodule foreach --recursive sh -c "git config --local --name-only --get-regexp 'http\.https\:\/\/github\.com\/\.extraheader' && git config --local --unset-all 'http.https://github.com/.extraheader' || :"
2026-01-22T08:15:51.0559617Z ##[debug]0
2026-01-22T08:15:51.0560002Z ##[debug]
2026-01-22T08:15:51.0561214Z ##[debug]Unsetting HOME override
2026-01-22T08:15:51.0630677Z ##[debug]Node Action run completed with exit code 0
2026-01-22T08:15:51.0633250Z ##[debug]Finishing: Post Run actions/checkout@v3
2026-01-22T08:15:51.0688265Z ##[debug]Starting: Complete job
2026-01-22T08:15:51.0689993Z Uploading runner diagnostic logs
2026-01-22T08:15:51.0702118Z ##[debug]Starting diagnostic file upload.
2026-01-22T08:15:51.0702450Z ##[debug]Setting up diagnostic log folders.
2026-01-22T08:15:51.0704162Z ##[debug]Creating diagnostic log files folder.
2026-01-22T08:15:51.0712823Z ##[debug]Copying 1 worker diagnostic logs.
2026-01-22T08:15:51.0721067Z ##[debug]Copying 1 runner diagnostic logs.
2026-01-22T08:15:51.0722174Z ##[debug]Zipping diagnostic files.
2026-01-22T08:15:51.0799161Z ##[debug]Uploading diagnostic metadata file.
2026-01-22T08:15:51.0826311Z ##[debug]Diagnostic file upload complete.
2026-01-22T08:15:51.0826865Z Completed runner diagnostic log upload
2026-01-22T08:15:51.0827132Z Cleaning up orphan processes
2026-01-22T08:15:51.1127790Z ##[debug]Finishing: Complete job
2026-01-22T08:15:51.1157871Z ##[debug]Finishing: Build and Deploy Job